[INFO] Scanning for projects...
[INFO] 
[INFO] ----------------------< com.example:saas-backend >----------------------
[INFO] Building saas-backend 0.0.1-SNAPSHOT
[INFO]   from pom.xml
[INFO] --------------------------------[ jar ]---------------------------------
[INFO] 
[INFO] --- clean:3.3.2:clean (default-clean) @ saas-backend ---
[INFO] Deleting C:\Users\Admin\OneDrive\Desktop\multi_tenant_Saas_project\backend\target
[INFO] 
[INFO] --- resources:3.3.1:resources (default-resources) @ saas-backend ---
[INFO] Copying 1 resource from src\main\resources to target\classes
[INFO] Copying 8 resources from src\main\resources to target\classes
[INFO] 
[INFO] --- compiler:3.13.0:compile (default-compile) @ saas-backend ---
[INFO] Recompiling the module because of changed source code.
[INFO] Compiling 50 source files with javac [debug parameters release 17] to target\classes
[INFO] -------------------------------------------------------------
[ERROR] COMPILATION ERROR : 
[INFO] -------------------------------------------------------------
[ERROR] /C:/Users/Admin/OneDrive/Desktop/multi_tenant_Saas_project/backend/src/main/java/com/example/saas/service/TicketService.java:[65,39] cannot find symbol
  symbol:   method getRoles()
  location: variable currentUser of type com.example.saas.model.User
[INFO] 1 error
[INFO] -------------------------------------------------------------
[INFO] ------------------------------------------------------------------------
[INFO] BUILD FAILURE
[INFO] ------------------------------------------------------------------------
[INFO] Total time:  4.504 s
[INFO] Finished at: 2026-02-27T00:55:36+05:30
[INFO] ------------------------------------------------------------------------
[ERROR] Failed to execute goal org.apache.maven.plugins:maven-compiler-plugin:3.13.0:compile (default-compile) on project saas-backend: Compilation failure
[ERROR] /C:/Users/Admin/OneDrive/Desktop/multi_tenant_Saas_project/backend/src/main/java/com/example/saas/service/TicketService.java:[65,39] cannot find symbol
[ERROR]   symbol:   method getRoles()
[ERROR]   location: variable currentUser of type com.example.saas.model.User
[ERROR] -> [Help 1]
[ERROR] 
[ERROR] To see the full stack trace of the errors, re-run Maven with the -e switch.
[ERROR] Re-run Maven using the -X switch to enable full debug logging.
[ERROR] 
[ERROR] For more information about the errors and possible solutions, please read the following articles:
[ERROR] [Help 1] http://cwiki.apache.org/confluence/display/MAVEN/MojoFailureException
